<?xml version="1.0"?>
<link_info>
   <banner>MSP430 Linker PC v16.9.4.LTS</banner>
   <copyright>Copyright (c) 2003-2017 Texas Instruments Incorporated</copyright>
   <link_time>0x5a4a7d84</link_time>
   <link_errors>0x0</link_errors>
   <output_file>am.out</output_file>
   <entry_point>
      <name>_c_int00_noargs</name>
      <address>0x4400</address>
   </entry_point>
   <input_file_list>
      <input_file id="fl-2">
         <path>.\</path>
         <kind>object</kind>
         <file>HAL_SDCard.obj</file>
         <name>HAL_SDCard.obj</name>
      </input_file>
      <input_file id="fl-3">
         <path>.\</path>
         <kind>object</kind>
         <file>ff.obj</file>
         <name>ff.obj</name>
      </input_file>
      <input_file id="fl-4">
         <path>.\</path>
         <kind>object</kind>
         <file>hello.obj</file>
         <name>hello.obj</name>
      </input_file>
      <input_file id="fl-5">
         <path>.\</path>
         <kind>object</kind>
         <file>mmc.obj</file>
         <name>mmc.obj</name>
      </input_file>
      <input_file id="fl-6">
         <path>.\</path>
         <kind>object</kind>
         <file>nokia_5110.obj</file>
         <name>nokia_5110.obj</name>
      </input_file>
      <input_file id="fl-c">
         <kind>object</kind>
         <file>&lt;internal&gt;</file>
         <name>&lt;internal&gt;</name>
      </input_file>
      <input_file id="fl-27">
         <path>C:\ti\ccsv7\tools\compiler\ti-cgt-msp430_16.9.4.LTS\lib\</path>
         <kind>archive</kind>
         <file>rts430x_lc_rd_eabi.lib</file>
         <name>boot.obj</name>
      </input_file>
      <input_file id="fl-28">
         <path>C:\ti\ccsv7\tools\compiler\ti-cgt-msp430_16.9.4.LTS\lib\</path>
         <kind>archive</kind>
         <file>rts430x_lc_rd_eabi.lib</file>
         <name>boot_special.obj</name>
      </input_file>
      <input_file id="fl-29">
         <path>C:\ti\ccsv7\tools\compiler\ti-cgt-msp430_16.9.4.LTS\lib\</path>
         <kind>archive</kind>
         <file>rts430x_lc_rd_eabi.lib</file>
         <name>copy_decompress_lzss.obj</name>
      </input_file>
      <input_file id="fl-2a">
         <path>C:\ti\ccsv7\tools\compiler\ti-cgt-msp430_16.9.4.LTS\lib\</path>
         <kind>archive</kind>
         <file>rts430x_lc_rd_eabi.lib</file>
         <name>copy_decompress_none.obj</name>
      </input_file>
      <input_file id="fl-2b">
         <path>C:\ti\ccsv7\tools\compiler\ti-cgt-msp430_16.9.4.LTS\lib\</path>
         <kind>archive</kind>
         <file>rts430x_lc_rd_eabi.lib</file>
         <name>copy_zero_init.obj</name>
      </input_file>
      <input_file id="fl-2c">
         <path>C:\ti\ccsv7\tools\compiler\ti-cgt-msp430_16.9.4.LTS\lib\</path>
         <kind>archive</kind>
         <file>rts430x_lc_rd_eabi.lib</file>
         <name>div16s.obj</name>
      </input_file>
      <input_file id="fl-2d">
         <path>C:\ti\ccsv7\tools\compiler\ti-cgt-msp430_16.9.4.LTS\lib\</path>
         <kind>archive</kind>
         <file>rts430x_lc_rd_eabi.lib</file>
         <name>div16u.obj</name>
      </input_file>
      <input_file id="fl-2e">
         <path>C:\ti\ccsv7\tools\compiler\ti-cgt-msp430_16.9.4.LTS\lib\</path>
         <kind>archive</kind>
         <file>rts430x_lc_rd_eabi.lib</file>
         <name>div32u.obj</name>
      </input_file>
      <input_file id="fl-2f">
         <path>C:\ti\ccsv7\tools\compiler\ti-cgt-msp430_16.9.4.LTS\lib\</path>
         <kind>archive</kind>
         <file>rts430x_lc_rd_eabi.lib</file>
         <name>exit.obj</name>
      </input_file>
      <input_file id="fl-30">
         <path>C:\ti\ccsv7\tools\compiler\ti-cgt-msp430_16.9.4.LTS\lib\</path>
         <kind>archive</kind>
         <file>rts430x_lc_rd_eabi.lib</file>
         <name>exit_gvars.obj</name>
      </input_file>
      <input_file id="fl-31">
         <path>C:\ti\ccsv7\tools\compiler\ti-cgt-msp430_16.9.4.LTS\lib\</path>
         <kind>archive</kind>
         <file>rts430x_lc_rd_eabi.lib</file>
         <name>fs_itof.obj</name>
      </input_file>
      <input_file id="fl-32">
         <path>C:\ti\ccsv7\tools\compiler\ti-cgt-msp430_16.9.4.LTS\lib\</path>
         <kind>archive</kind>
         <file>rts430x_lc_rd_eabi.lib</file>
         <name>fs_mpy.obj</name>
      </input_file>
      <input_file id="fl-33">
         <path>C:\ti\ccsv7\tools\compiler\ti-cgt-msp430_16.9.4.LTS\lib\</path>
         <kind>archive</kind>
         <file>rts430x_lc_rd_eabi.lib</file>
         <name>fs_toi.obj</name>
      </input_file>
      <input_file id="fl-34">
         <path>C:\ti\ccsv7\tools\compiler\ti-cgt-msp430_16.9.4.LTS\lib\</path>
         <kind>archive</kind>
         <file>rts430x_lc_rd_eabi.lib</file>
         <name>int41.obj</name>
      </input_file>
      <input_file id="fl-35">
         <path>C:\ti\ccsv7\tools\compiler\ti-cgt-msp430_16.9.4.LTS\lib\</path>
         <kind>archive</kind>
         <file>rts430x_lc_rd_eabi.lib</file>
         <name>int42.obj</name>
      </input_file>
      <input_file id="fl-36">
         <path>C:\ti\ccsv7\tools\compiler\ti-cgt-msp430_16.9.4.LTS\lib\</path>
         <kind>archive</kind>
         <file>rts430x_lc_rd_eabi.lib</file>
         <name>int43.obj</name>
      </input_file>
      <input_file id="fl-37">
         <path>C:\ti\ccsv7\tools\compiler\ti-cgt-msp430_16.9.4.LTS\lib\</path>
         <kind>archive</kind>
         <file>rts430x_lc_rd_eabi.lib</file>
         <name>int44.obj</name>
      </input_file>
      <input_file id="fl-38">
         <path>C:\ti\ccsv7\tools\compiler\ti-cgt-msp430_16.9.4.LTS\lib\</path>
         <kind>archive</kind>
         <file>rts430x_lc_rd_eabi.lib</file>
         <name>int45.obj</name>
      </input_file>
      <input_file id="fl-39">
         <path>C:\ti\ccsv7\tools\compiler\ti-cgt-msp430_16.9.4.LTS\lib\</path>
         <kind>archive</kind>
         <file>rts430x_lc_rd_eabi.lib</file>
         <name>int46.obj</name>
      </input_file>
      <input_file id="fl-3a">
         <path>C:\ti\ccsv7\tools\compiler\ti-cgt-msp430_16.9.4.LTS\lib\</path>
         <kind>archive</kind>
         <file>rts430x_lc_rd_eabi.lib</file>
         <name>int47.obj</name>
      </input_file>
      <input_file id="fl-3b">
         <path>C:\ti\ccsv7\tools\compiler\ti-cgt-msp430_16.9.4.LTS\lib\</path>
         <kind>archive</kind>
         <file>rts430x_lc_rd_eabi.lib</file>
         <name>int48.obj</name>
      </input_file>
      <input_file id="fl-3c">
         <path>C:\ti\ccsv7\tools\compiler\ti-cgt-msp430_16.9.4.LTS\lib\</path>
         <kind>archive</kind>
         <file>rts430x_lc_rd_eabi.lib</file>
         <name>int49.obj</name>
      </input_file>
      <input_file id="fl-3d">
         <path>C:\ti\ccsv7\tools\compiler\ti-cgt-msp430_16.9.4.LTS\lib\</path>
         <kind>archive</kind>
         <file>rts430x_lc_rd_eabi.lib</file>
         <name>int50.obj</name>
      </input_file>
      <input_file id="fl-3e">
         <path>C:\ti\ccsv7\tools\compiler\ti-cgt-msp430_16.9.4.LTS\lib\</path>
         <kind>archive</kind>
         <file>rts430x_lc_rd_eabi.lib</file>
         <name>int51.obj</name>
      </input_file>
      <input_file id="fl-3f">
         <path>C:\ti\ccsv7\tools\compiler\ti-cgt-msp430_16.9.4.LTS\lib\</path>
         <kind>archive</kind>
         <file>rts430x_lc_rd_eabi.lib</file>
         <name>int52.obj</name>
      </input_file>
      <input_file id="fl-40">
         <path>C:\ti\ccsv7\tools\compiler\ti-cgt-msp430_16.9.4.LTS\lib\</path>
         <kind>archive</kind>
         <file>rts430x_lc_rd_eabi.lib</file>
         <name>int53.obj</name>
      </input_file>
      <input_file id="fl-41">
         <path>C:\ti\ccsv7\tools\compiler\ti-cgt-msp430_16.9.4.LTS\lib\</path>
         <kind>archive</kind>
         <file>rts430x_lc_rd_eabi.lib</file>
         <name>int54.obj</name>
      </input_file>
      <input_file id="fl-42">
         <path>C:\ti\ccsv7\tools\compiler\ti-cgt-msp430_16.9.4.LTS\lib\</path>
         <kind>archive</kind>
         <file>rts430x_lc_rd_eabi.lib</file>
         <name>int55.obj</name>
      </input_file>
      <input_file id="fl-43">
         <path>C:\ti\ccsv7\tools\compiler\ti-cgt-msp430_16.9.4.LTS\lib\</path>
         <kind>archive</kind>
         <file>rts430x_lc_rd_eabi.lib</file>
         <name>int56.obj</name>
      </input_file>
      <input_file id="fl-44">
         <path>C:\ti\ccsv7\tools\compiler\ti-cgt-msp430_16.9.4.LTS\lib\</path>
         <kind>archive</kind>
         <file>rts430x_lc_rd_eabi.lib</file>
         <name>int57.obj</name>
      </input_file>
      <input_file id="fl-45">
         <path>C:\ti\ccsv7\tools\compiler\ti-cgt-msp430_16.9.4.LTS\lib\</path>
         <kind>archive</kind>
         <file>rts430x_lc_rd_eabi.lib</file>
         <name>int58.obj</name>
      </input_file>
      <input_file id="fl-46">
         <path>C:\ti\ccsv7\tools\compiler\ti-cgt-msp430_16.9.4.LTS\lib\</path>
         <kind>archive</kind>
         <file>rts430x_lc_rd_eabi.lib</file>
         <name>int59.obj</name>
      </input_file>
      <input_file id="fl-47">
         <path>C:\ti\ccsv7\tools\compiler\ti-cgt-msp430_16.9.4.LTS\lib\</path>
         <kind>archive</kind>
         <file>rts430x_lc_rd_eabi.lib</file>
         <name>int60.obj</name>
      </input_file>
      <input_file id="fl-48">
         <path>C:\ti\ccsv7\tools\compiler\ti-cgt-msp430_16.9.4.LTS\lib\</path>
         <kind>archive</kind>
         <file>rts430x_lc_rd_eabi.lib</file>
         <name>int61.obj</name>
      </input_file>
      <input_file id="fl-49">
         <path>C:\ti\ccsv7\tools\compiler\ti-cgt-msp430_16.9.4.LTS\lib\</path>
         <kind>archive</kind>
         <file>rts430x_lc_rd_eabi.lib</file>
         <name>int62.obj</name>
      </input_file>
      <input_file id="fl-4a">
         <path>C:\ti\ccsv7\tools\compiler\ti-cgt-msp430_16.9.4.LTS\lib\</path>
         <kind>archive</kind>
         <file>rts430x_lc_rd_eabi.lib</file>
         <name>isr_trap.obj</name>
      </input_file>
      <input_file id="fl-4b">
         <path>C:\ti\ccsv7\tools\compiler\ti-cgt-msp430_16.9.4.LTS\lib\</path>
         <kind>archive</kind>
         <file>rts430x_lc_rd_eabi.lib</file>
         <name>lsl32.obj</name>
      </input_file>
      <input_file id="fl-4c">
         <path>C:\ti\ccsv7\tools\compiler\ti-cgt-msp430_16.9.4.LTS\lib\</path>
         <kind>archive</kind>
         <file>rts430x_lc_rd_eabi.lib</file>
         <name>lsr32.obj</name>
      </input_file>
      <input_file id="fl-4d">
         <path>C:\ti\ccsv7\tools\compiler\ti-cgt-msp430_16.9.4.LTS\lib\</path>
         <kind>archive</kind>
         <file>rts430x_lc_rd_eabi.lib</file>
         <name>memcpy.obj</name>
      </input_file>
      <input_file id="fl-4e">
         <path>C:\ti\ccsv7\tools\compiler\ti-cgt-msp430_16.9.4.LTS\lib\</path>
         <kind>archive</kind>
         <file>rts430x_lc_rd_eabi.lib</file>
         <name>mpu_init.obj</name>
      </input_file>
      <input_file id="fl-4f">
         <path>C:\ti\ccsv7\tools\compiler\ti-cgt-msp430_16.9.4.LTS\lib\</path>
         <kind>archive</kind>
         <file>rts430x_lc_rd_eabi.lib</file>
         <name>mult16.obj</name>
      </input_file>
      <input_file id="fl-50">
         <path>C:\ti\ccsv7\tools\compiler\ti-cgt-msp430_16.9.4.LTS\lib\</path>
         <kind>archive</kind>
         <file>rts430x_lc_rd_eabi.lib</file>
         <name>mult1632_f5hw.obj</name>
      </input_file>
      <input_file id="fl-51">
         <path>C:\ti\ccsv7\tools\compiler\ti-cgt-msp430_16.9.4.LTS\lib\</path>
         <kind>archive</kind>
         <file>rts430x_lc_rd_eabi.lib</file>
         <name>mult16_f5hw.obj</name>
      </input_file>
      <input_file id="fl-52">
         <path>C:\ti\ccsv7\tools\compiler\ti-cgt-msp430_16.9.4.LTS\lib\</path>
         <kind>archive</kind>
         <file>rts430x_lc_rd_eabi.lib</file>
         <name>mult32.obj</name>
      </input_file>
      <input_file id="fl-53">
         <path>C:\ti\ccsv7\tools\compiler\ti-cgt-msp430_16.9.4.LTS\lib\</path>
         <kind>archive</kind>
         <file>rts430x_lc_rd_eabi.lib</file>
         <name>mult3264_f5hw.obj</name>
      </input_file>
      <input_file id="fl-54">
         <path>C:\ti\ccsv7\tools\compiler\ti-cgt-msp430_16.9.4.LTS\lib\</path>
         <kind>archive</kind>
         <file>rts430x_lc_rd_eabi.lib</file>
         <name>mult32_f5hw.obj</name>
      </input_file>
      <input_file id="fl-55">
         <path>C:\ti\ccsv7\tools\compiler\ti-cgt-msp430_16.9.4.LTS\lib\</path>
         <kind>archive</kind>
         <file>rts430x_lc_rd_eabi.lib</file>
         <name>mult64_f5hw.obj</name>
      </input_file>
      <input_file id="fl-56">
         <path>C:\ti\ccsv7\tools\compiler\ti-cgt-msp430_16.9.4.LTS\lib\</path>
         <kind>archive</kind>
         <file>rts430x_lc_rd_eabi.lib</file>
         <name>pre_init.obj</name>
      </input_file>
      <input_file id="fl-57">
         <path>C:\ti\ccsv7\tools\compiler\ti-cgt-msp430_16.9.4.LTS\lib\</path>
         <kind>archive</kind>
         <file>rts430x_lc_rd_eabi.lib</file>
         <name>printf.obj</name>
      </input_file>
      <input_file id="fl-58">
         <path>C:\ti\ccsv7\tools\compiler\ti-cgt-msp430_16.9.4.LTS\lib\</path>
         <kind>archive</kind>
         <file>rts430x_lc_rd_eabi.lib</file>
         <name>sprintf.obj</name>
      </input_file>
      <input_file id="fl-59">
         <path>C:\ti\ccsv7\tools\compiler\ti-cgt-msp430_16.9.4.LTS\lib\</path>
         <kind>archive</kind>
         <file>rts430x_lc_rd_eabi.lib</file>
         <name>strcpy.obj</name>
      </input_file>
      <input_file id="fl-5a">
         <path>C:\ti\ccsv7\tools\compiler\ti-cgt-msp430_16.9.4.LTS\lib\</path>
         <kind>archive</kind>
         <file>rts430x_lc_rd_eabi.lib</file>
         <name>strlen.obj</name>
      </input_file>
      <input_file id="fl-5b">
         <path>C:\ti\ccsv7\tools\compiler\ti-cgt-msp430_16.9.4.LTS\lib\</path>
         <kind>archive</kind>
         <file>rts430x_lc_rd_eabi.lib</file>
         <name>_lock.obj</name>
      </input_file>
      <input_file id="fl-5c">
         <path>C:\ti\ccsv7\tools\compiler\ti-cgt-msp430_16.9.4.LTS\lib\</path>
         <kind>archive</kind>
         <file>rts430x_lc_rd_eabi.lib</file>
         <name>_printfi_min.obj</name>
      </input_file>
      <input_file id="fl-5d">
         <path>C:\ti\ccsv7\tools\compiler\ti-cgt-msp430_16.9.4.LTS\lib\</path>
         <kind>archive</kind>
         <file>rts430x_lc_rd_eabi.lib</file>
         <name>args_main.obj</name>
      </input_file>
      <input_file id="fl-5e">
         <path>C:\ti\ccsv7\tools\compiler\ti-cgt-msp430_16.9.4.LTS\lib\</path>
         <kind>archive</kind>
         <file>rts430x_lc_rd_eabi.lib</file>
         <name>autoinit_wdt.obj</name>
      </input_file>
      <input_file id="fl-5f">
         <path>C:\ti\ccsv7\tools\compiler\ti-cgt-msp430_16.9.4.LTS\lib\</path>
         <kind>archive</kind>
         <file>rts430x_lc_rd_eabi.lib</file>
         <name>cpy_tbl.obj</name>
      </input_file>
      <input_file id="fl-60">
         <path>C:\ti\ccsv7\tools\compiler\ti-cgt-msp430_16.9.4.LTS\lib\</path>
         <kind>archive</kind>
         <file>rts430x_lc_rd_eabi.lib</file>
         <name>defs.obj</name>
      </input_file>
      <input_file id="fl-61">
         <path>C:\ti\ccsv7\tools\compiler\ti-cgt-msp430_16.9.4.LTS\lib\</path>
         <kind>archive</kind>
         <file>rts430x_lc_rd_eabi.lib</file>
         <name>fputc.obj</name>
      </input_file>
      <input_file id="fl-62">
         <path>C:\ti\ccsv7\tools\compiler\ti-cgt-msp430_16.9.4.LTS\lib\</path>
         <kind>archive</kind>
         <file>rts430x_lc_rd_eabi.lib</file>
         <name>fputs.obj</name>
      </input_file>
      <input_file id="fl-63">
         <path>C:\ti\ccsv7\tools\compiler\ti-cgt-msp430_16.9.4.LTS\lib\</path>
         <kind>archive</kind>
         <file>rts430x_lc_rd_eabi.lib</file>
         <name>lsr64.obj</name>
      </input_file>
      <input_file id="fl-64">
         <path>C:\ti\ccsv7\tools\compiler\ti-cgt-msp430_16.9.4.LTS\lib\</path>
         <kind>archive</kind>
         <file>rts430x_lc_rd_eabi.lib</file>
         <name>memccpy.obj</name>
      </input_file>
      <input_file id="fl-65">
         <path>C:\ti\ccsv7\tools\compiler\ti-cgt-msp430_16.9.4.LTS\lib\</path>
         <kind>archive</kind>
         <file>rts430x_lc_rd_eabi.lib</file>
         <name>memchr.obj</name>
      </input_file>
      <input_file id="fl-66">
         <path>C:\ti\ccsv7\tools\compiler\ti-cgt-msp430_16.9.4.LTS\lib\</path>
         <kind>archive</kind>
         <file>rts430x_lc_rd_eabi.lib</file>
         <name>memset.obj</name>
      </input_file>
      <input_file id="fl-67">
         <path>C:\ti\ccsv7\tools\compiler\ti-cgt-msp430_16.9.4.LTS\lib\</path>
         <kind>archive</kind>
         <file>rts430x_lc_rd_eabi.lib</file>
         <name>startup.obj</name>
      </input_file>
      <input_file id="fl-68">
         <path>C:\ti\ccsv7\tools\compiler\ti-cgt-msp430_16.9.4.LTS\lib\</path>
         <kind>archive</kind>
         <file>rts430x_lc_rd_eabi.lib</file>
         <name>write.obj</name>
      </input_file>
      <input_file id="fl-69">
         <path>C:\ti\ccsv7\tools\compiler\ti-cgt-msp430_16.9.4.LTS\lib\</path>
         <kind>archive</kind>
         <file>rts430x_lc_rd_eabi.lib</file>
         <name>_io_perm.obj</name>
      </input_file>
      <input_file id="fl-6a">
         <path>C:\ti\ccsv7\tools\compiler\ti-cgt-msp430_16.9.4.LTS\lib\</path>
         <kind>archive</kind>
         <file>rts430x_lc_rd_eabi.lib</file>
         <name>fflush.obj</name>
      </input_file>
      <input_file id="fl-6b">
         <path>C:\ti\ccsv7\tools\compiler\ti-cgt-msp430_16.9.4.LTS\lib\</path>
         <kind>archive</kind>
         <file>rts430x_lc_rd_eabi.lib</file>
         <name>fseek.obj</name>
      </input_file>
      <input_file id="fl-6c">
         <path>C:\ti\ccsv7\tools\compiler\ti-cgt-msp430_16.9.4.LTS\lib\</path>
         <kind>archive</kind>
         <file>rts430x_lc_rd_eabi.lib</file>
         <name>hostclose.obj</name>
      </input_file>
      <input_file id="fl-6d">
         <path>C:\ti\ccsv7\tools\compiler\ti-cgt-msp430_16.9.4.LTS\lib\</path>
         <kind>archive</kind>
         <file>rts430x_lc_rd_eabi.lib</file>
         <name>hostlseek.obj</name>
      </input_file>
      <input_file id="fl-6e">
         <path>C:\ti\ccsv7\tools\compiler\ti-cgt-msp430_16.9.4.LTS\lib\</path>
         <kind>archive</kind>
         <file>rts430x_lc_rd_eabi.lib</file>
         <name>hostopen.obj</name>
      </input_file>
      <input_file id="fl-6f">
         <path>C:\ti\ccsv7\tools\compiler\ti-cgt-msp430_16.9.4.LTS\lib\</path>
         <kind>archive</kind>
         <file>rts430x_lc_rd_eabi.lib</file>
         <name>hostread.obj</name>
      </input_file>
      <input_file id="fl-70">
         <path>C:\ti\ccsv7\tools\compiler\ti-cgt-msp430_16.9.4.LTS\lib\</path>
         <kind>archive</kind>
         <file>rts430x_lc_rd_eabi.lib</file>
         <name>hostrename.obj</name>
      </input_file>
      <input_file id="fl-71">
         <path>C:\ti\ccsv7\tools\compiler\ti-cgt-msp430_16.9.4.LTS\lib\</path>
         <kind>archive</kind>
         <file>rts430x_lc_rd_eabi.lib</file>
         <name>hostunlink.obj</name>
      </input_file>
      <input_file id="fl-72">
         <path>C:\ti\ccsv7\tools\compiler\ti-cgt-msp430_16.9.4.LTS\lib\</path>
         <kind>archive</kind>
         <file>rts430x_lc_rd_eabi.lib</file>
         <name>hostwrite.obj</name>
      </input_file>
      <input_file id="fl-73">
         <path>C:\ti\ccsv7\tools\compiler\ti-cgt-msp430_16.9.4.LTS\lib\</path>
         <kind>archive</kind>
         <file>rts430x_lc_rd_eabi.lib</file>
         <name>lseek.obj</name>
      </input_file>
      <input_file id="fl-74">
         <path>C:\ti\ccsv7\tools\compiler\ti-cgt-msp430_16.9.4.LTS\lib\</path>
         <kind>archive</kind>
         <file>rts430x_lc_rd_eabi.lib</file>
         <name>setvbuf.obj</name>
      </input_file>
      <input_file id="fl-75">
         <path>C:\ti\ccsv7\tools\compiler\ti-cgt-msp430_16.9.4.LTS\lib\</path>
         <kind>archive</kind>
         <file>rts430x_lc_rd_eabi.lib</file>
         <name>trgmsg.obj</name>
      </input_file>
      <input_file id="fl-76">
         <path>C:\ti\ccsv7\tools\compiler\ti-cgt-msp430_16.9.4.LTS\lib\</path>
         <kind>archive</kind>
         <file>rts430x_lc_rd_eabi.lib</file>
         <name>asr32.obj</name>
      </input_file>
      <input_file id="fl-77">
         <path>C:\ti\ccsv7\tools\compiler\ti-cgt-msp430_16.9.4.LTS\lib\</path>
         <kind>archive</kind>
         <file>rts430x_lc_rd_eabi.lib</file>
         <name>fopen.obj</name>
      </input_file>
      <input_file id="fl-78">
         <path>C:\ti\ccsv7\tools\compiler\ti-cgt-msp430_16.9.4.LTS\lib\</path>
         <kind>archive</kind>
         <file>rts430x_lc_rd_eabi.lib</file>
         <name>memory.obj</name>
      </input_file>
      <input_file id="fl-79">
         <path>C:\ti\ccsv7\tools\compiler\ti-cgt-msp430_16.9.4.LTS\lib\</path>
         <kind>archive</kind>
         <file>rts430x_lc_rd_eabi.lib</file>
         <name>open.obj</name>
      </input_file>
      <input_file id="fl-7a">
         <path>C:\ti\ccsv7\tools\compiler\ti-cgt-msp430_16.9.4.LTS\lib\</path>
         <kind>archive</kind>
         <file>rts430x_lc_rd_eabi.lib</file>
         <name>fclose.obj</name>
      </input_file>
      <input_file id="fl-7b">
         <path>C:\ti\ccsv7\tools\compiler\ti-cgt-msp430_16.9.4.LTS\lib\</path>
         <kind>archive</kind>
         <file>rts430x_lc_rd_eabi.lib</file>
         <name>getdevice.obj</name>
      </input_file>
      <input_file id="fl-7c">
         <path>C:\ti\ccsv7\tools\compiler\ti-cgt-msp430_16.9.4.LTS\lib\</path>
         <kind>archive</kind>
         <file>rts430x_lc_rd_eabi.lib</file>
         <name>remove.obj</name>
      </input_file>
      <input_file id="fl-7d">
         <path>C:\ti\ccsv7\tools\compiler\ti-cgt-msp430_16.9.4.LTS\lib\</path>
         <kind>archive</kind>
         <file>rts430x_lc_rd_eabi.lib</file>
         <name>strchr.obj</name>
      </input_file>
      <input_file id="fl-7e">
         <path>C:\ti\ccsv7\tools\compiler\ti-cgt-msp430_16.9.4.LTS\lib\</path>
         <kind>archive</kind>
         <file>rts430x_lc_rd_eabi.lib</file>
         <name>strcmp.obj</name>
      </input_file>
      <input_file id="fl-7f">
         <path>C:\ti\ccsv7\tools\compiler\ti-cgt-msp430_16.9.4.LTS\lib\</path>
         <kind>archive</kind>
         <file>rts430x_lc_rd_eabi.lib</file>
         <name>strncpy.obj</name>
      </input_file>
      <input_file id="fl-80">
         <path>C:\ti\ccsv7\tools\compiler\ti-cgt-msp430_16.9.4.LTS\lib\</path>
         <kind>archive</kind>
         <file>rts430x_lc_rd_eabi.lib</file>
         <name>unlink.obj</name>
      </input_file>
      <input_file id="fl-81">
         <path>C:\ti\ccsv7\tools\compiler\ti-cgt-msp430_16.9.4.LTS\lib\</path>
         <kind>archive</kind>
         <file>rts430x_lc_rd_eabi.lib</file>
         <name>close.obj</name>
      </input_file>
   </input_file_list>
   <object_component_list>
      <object_component id="oc-4b5">
         <name>.bss:FatFs</name>
         <uninitialized>true</uninitialized>
         <run_address>0x28a8</run_address>
         <size>0x4</size>
         <input_file_ref idref="fl-3"/>
      </object_component>
      <object_component id="oc-584">
         <name>.bss</name>
         <uninitialized>true</uninitialized>
         <run_address>0x28ac</run_address>
         <size>0x2</size>
         <input_file_ref idref="fl-3"/>
      </object_component>
      <object_component id="oc-4c7">
         <name>.bss:fno$1</name>
         <uninitialized>true</uninitialized>
         <run_address>0x2880</run_address>
         <size>0x16</size>
         <input_file_ref idref="fl-4"/>
      </object_component>
      <object_component id="oc-610">
         <name>.bss</name>
         <uninitialized>true</uninitialized>
         <run_address>0x28ae</run_address>
         <size>0x1</size>
         <input_file_ref idref="fl-5"/>
      </object_component>
      <object_component id="oc-739">
         <name>.bss</name>
         <uninitialized>true</uninitialized>
         <run_address>0x2896</run_address>
         <size>0xa</size>
         <input_file_ref idref="fl-78"/>
      </object_component>
      <object_component id="oc-78c">
         <name>.common:__TI_tmpnams</name>
         <uninitialized>true</uninitialized>
         <run_address>0x27e0</run_address>
         <size>0xa0</size>
      </object_component>
      <object_component id="oc-797">
         <name>.common:parmbuf</name>
         <uninitialized>true</uninitialized>
         <run_address>0x28a0</run_address>
         <size>0x8</size>
      </object_component>
      <object_component id="oc-5f4">
         <name>.data</name>
         <load_address>0x258c</load_address>
         <run_address>0x258c</run_address>
         <size>0x2</size>
         <input_file_ref idref="fl-5"/>
      </object_component>
      <object_component id="oc-44e">
         <name>.data</name>
         <load_address>0x2590</load_address>
         <run_address>0x2590</run_address>
         <size>0x2</size>
         <input_file_ref idref="fl-2f"/>
      </object_component>
      <object_component id="oc-457">
         <name>.data:__TI_cleanup_ptr</name>
         <load_address>0x257c</load_address>
         <run_address>0x257c</run_address>
         <size>0x4</size>
         <input_file_ref idref="fl-30"/>
      </object_component>
      <object_component id="oc-454">
         <name>.data:__TI_dtors_ptr</name>
         <load_address>0x2580</load_address>
         <run_address>0x2580</run_address>
         <size>0x4</size>
         <input_file_ref idref="fl-30"/>
      </object_component>
      <object_component id="oc-451">
         <name>.data:_lock</name>
         <load_address>0x2584</load_address>
         <run_address>0x2584</run_address>
         <size>0x4</size>
         <input_file_ref idref="fl-5b"/>
      </object_component>
      <object_component id="oc-45a">
         <name>.data:_unlock</name>
         <load_address>0x2588</load_address>
         <run_address>0x2588</run_address>
         <size>0x4</size>
         <input_file_ref idref="fl-5b"/>
      </object_component>
      <object_component id="oc-518">
         <name>.data:_ftable</name>
         <load_address>0x2400</load_address>
         <run_address>0x2400</run_address>
         <size>0xc8</size>
         <input_file_ref idref="fl-60"/>
      </object_component>
      <object_component id="oc-74d">
         <name>.data</name>
         <load_address>0x258e</load_address>
         <run_address>0x258e</run_address>
         <size>0x2</size>
         <input_file_ref idref="fl-60"/>
      </object_component>
      <object_component id="oc-719">
         <name>.data:_device</name>
         <load_address>0x24c8</load_address>
         <run_address>0x24c8</run_address>
         <size>0x78</size>
         <input_file_ref idref="fl-68"/>
      </object_component>
      <object_component id="oc-6bc">
         <name>.data:_stream</name>
         <load_address>0x2540</load_address>
         <run_address>0x2540</run_address>
         <size>0x3c</size>
         <input_file_ref idref="fl-68"/>
      </object_component>
      <object_component id="oc-73d">
         <name>.data</name>
         <load_address>0x2592</load_address>
         <run_address>0x2592</run_address>
         <size>0x2</size>
         <input_file_ref idref="fl-78"/>
      </object_component>
      <object_component id="oc-3c1">
         <name>.sysmem</name>
         <uninitialized>true</uninitialized>
         <run_address>0x2594</run_address>
         <size>0x6</size>
         <input_file_ref idref="fl-78"/>
      </object_component>
      <object_component id="oc-87b">
         <name>.sysmem</name>
         <uninitialized>true</uninitialized>
         <run_address>0x2594</run_address>
         <size>0x0</size>
      </object_component>
      <object_component id="oc-3bd">
         <name>.stack</name>
         <uninitialized>true</uninitialized>
         <run_address>0x4360</run_address>
         <size>0x4</size>
         <input_file_ref idref="fl-27"/>
      </object_component>
      <object_component id="oc-87a">
         <name>.stack</name>
         <uninitialized>true</uninitialized>
         <run_address>0x4360</run_address>
         <size>0x0</size>
      </object_component>
      <object_component id="oc-505">
         <name>.text:chk_mounted</name>
         <load_address>0x10000</load_address>
         <run_address>0x10000</run_address>
         <size>0x4ae</size>
         <input_file_ref idref="fl-3"/>
      </object_component>
      <object_component id="oc-588">
         <name>.text:create_name</name>
         <load_address>0x104ae</load_address>
         <run_address>0x104ae</run_address>
         <size>0x196</size>
         <input_file_ref idref="fl-3"/>
      </object_component>
      <object_component id="oc-67c">
         <name>.text:put_fat</name>
         <load_address>0x10644</load_address>
         <run_address>0x10644</run_address>
         <size>0x186</size>
         <input_file_ref idref="fl-3"/>
      </object_component>
      <object_component id="oc-541">
         <name>.text:dir_next</name>
         <load_address>0x107ca</load_address>
         <run_address>0x107ca</run_address>
         <size>0x17e</size>
         <input_file_ref idref="fl-3"/>
      </object_component>
      <object_component id="oc-55e">
         <name>.text:disk_initialize</name>
         <load_address>0x10948</load_address>
         <run_address>0x10948</run_address>
         <size>0x144</size>
         <input_file_ref idref="fl-5"/>
      </object_component>
      <object_component id="oc-595">
         <name>.text:get_fat</name>
         <load_address>0x10a8c</load_address>
         <run_address>0x10a8c</run_address>
         <size>0x13e</size>
         <input_file_ref idref="fl-3"/>
      </object_component>
      <object_component id="oc-5b4">
         <name>.text:_setfield</name>
         <load_address>0x10bca</load_address>
         <run_address>0x10bca</run_address>
         <size>0x132</size>
         <input_file_ref idref="fl-5c"/>
      </object_component>
      <object_component id="oc-5dc">
         <name>.text:create_chain</name>
         <load_address>0x10cfc</load_address>
         <run_address>0x10cfc</run_address>
         <size>0x120</size>
         <input_file_ref idref="fl-3"/>
      </object_component>
      <object_component id="oc-511">
         <name>.text:dir_sdi</name>
         <load_address>0x10e1c</load_address>
         <run_address>0x10e1c</run_address>
         <size>0x100</size>
         <input_file_ref idref="fl-3"/>
      </object_component>
      <object_component id="oc-5a6">
         <name>.text:fputs</name>
         <load_address>0x10f1c</load_address>
         <run_address>0x10f1c</run_address>
         <size>0xf0</size>
         <input_file_ref idref="fl-62"/>
      </object_component>
      <object_component id="oc-53b">
         <name>.text:get_fileinfo</name>
         <load_address>0x1100c</load_address>
         <run_address>0x1100c</run_address>
         <size>0xe0</size>
         <input_file_ref idref="fl-3"/>
      </object_component>
      <object_component id="oc-6b0">
         <name>.text:setvbuf</name>
         <load_address>0x110ec</load_address>
         <run_address>0x110ec</run_address>
         <size>0xe0</size>
         <input_file_ref idref="fl-74"/>
      </object_component>
      <object_component id="oc-665">
         <name>.text:_pproc_diouxp</name>
         <load_address>0x111cc</load_address>
         <run_address>0x111cc</run_address>
         <size>0xdc</size>
         <input_file_ref idref="fl-5c"/>
      </object_component>
      <object_component id="oc-527">
         <name>.text:__TI_printfi_minimal</name>
         <load_address>0x112a8</load_address>
         <run_address>0x112a8</run_address>
         <size>0xd2</size>
         <input_file_ref idref="fl-5c"/>
      </object_component>
      <object_component id="oc-5d4">
         <name>.text:move_window</name>
         <load_address>0x1137a</load_address>
         <run_address>0x1137a</run_address>
         <size>0xbe</size>
         <input_file_ref idref="fl-3"/>
      </object_component>
      <object_component id="oc-675">
         <name>.text:disk_write</name>
         <load_address>0x11438</load_address>
         <run_address>0x11438</run_address>
         <size>0xbc</size>
         <input_file_ref idref="fl-5"/>
      </object_component>
      <object_component id="oc-700">
         <name>.text:malloc</name>
         <load_address>0x114f4</load_address>
         <run_address>0x114f4</run_address>
         <size>0xbc</size>
         <input_file_ref idref="fl-78"/>
      </object_component>
      <object_component id="oc-60a">
         <name>.text:send_cmd</name>
         <load_address>0x115b0</load_address>
         <run_address>0x115b0</run_address>
         <size>0xba</size>
         <input_file_ref idref="fl-5"/>
      </object_component>
      <object_component id="oc-76b">
         <name>.text:HOSTlseek</name>
         <load_address>0x1166a</load_address>
         <run_address>0x1166a</run_address>
         <size>0xb4</size>
         <input_file_ref idref="fl-6d"/>
      </object_component>
      <object_component id="oc-50b">
         <name>.text:follow_path</name>
         <load_address>0x1171e</load_address>
         <run_address>0x1171e</run_address>
         <size>0xb4</size>
         <input_file_ref idref="fl-3"/>
      </object_component>
      <object_component id="oc-4c1">
         <name>.text:f_opendir</name>
         <load_address>0x117d2</load_address>
         <run_address>0x117d2</run_address>
         <size>0xa6</size>
         <input_file_ref idref="fl-3"/>
      </object_component>
      <object_component id="oc-57e">
         <name>.text:disk_read</name>
         <load_address>0x11878</load_address>
         <run_address>0x11878</run_address>
         <size>0x94</size>
         <input_file_ref idref="fl-5"/>
      </object_component>
      <object_component id="oc-46d">
         <name>.text:scan_files</name>
         <load_address>0x1190c</load_address>
         <run_address>0x1190c</run_address>
         <size>0x92</size>
         <input_file_ref idref="fl-4"/>
      </object_component>
      <object_component id="oc-564">
         <name>.text:check_fs</name>
         <load_address>0x1199e</load_address>
         <run_address>0x1199e</run_address>
         <size>0x90</size>
         <input_file_ref idref="fl-3"/>
      </object_component>
      <object_component id="oc-5ad">
         <name>.text:fputc</name>
         <load_address>0x11a2e</load_address>
         <run_address>0x11a2e</run_address>
         <size>0x90</size>
         <input_file_ref idref="fl-61"/>
      </object_component>
      <object_component id="oc-6fa">
         <name>.text:free</name>
         <load_address>0x11abe</load_address>
         <run_address>0x11abe</run_address>
         <size>0x8e</size>
         <input_file_ref idref="fl-78"/>
      </object_component>
      <object_component id="oc-3ee">
         <name>.text:_auto_init_hold_wdt</name>
         <load_address>0x11b4c</load_address>
         <run_address>0x11b4c</run_address>
         <size>0x82</size>
         <input_file_ref idref="fl-5e"/>
      </object_component>
      <object_component id="oc-642">
         <name>.text:__TI_wrt_ok</name>
         <load_address>0x11bce</load_address>
         <run_address>0x11bce</run_address>
         <size>0x7e</size>
         <input_file_ref idref="fl-69"/>
      </object_component>
      <object_component id="oc-6d">
         <name>.text:decompress:lzss:__TI_decompress_lzss</name>
         <load_address>0x11c4c</load_address>
         <run_address>0x11c4c</run_address>
         <size>0x78</size>
         <input_file_ref idref="fl-29"/>
      </object_component>
      <object_component id="oc-777">
         <name>.text:HOSTrename</name>
         <load_address>0x11cc4</load_address>
         <run_address>0x11cc4</run_address>
         <size>0x74</size>
         <input_file_ref idref="fl-70"/>
      </object_component>
      <object_component id="oc-747">
         <name>.text:__TI_closefile</name>
         <load_address>0x11d38</load_address>
         <run_address>0x11d38</run_address>
         <size>0x74</size>
         <input_file_ref idref="fl-7a"/>
      </object_component>
      <object_component id="oc-753">
         <name>.text:HOSTopen</name>
         <load_address>0x11dac</load_address>
         <run_address>0x11dac</run_address>
         <size>0x70</size>
         <input_file_ref idref="fl-6e"/>
      </object_component>
      <object_component id="oc-765">
         <name>.text:HOSTwrite</name>
         <load_address>0x11e1c</load_address>
         <run_address>0x11e1c</run_address>
         <size>0x6c</size>
         <input_file_ref idref="fl-72"/>
      </object_component>
      <object_component id="oc-75f">
         <name>.text:HOSTread</name>
         <load_address>0x11e88</load_address>
         <run_address>0x11e88</run_address>
         <size>0x6a</size>
         <input_file_ref idref="fl-6f"/>
      </object_component>
      <object_component id="oc-6aa">
         <name>.text:fseek</name>
         <load_address>0x11ef2</load_address>
         <run_address>0x11ef2</run_address>
         <size>0x6a</size>
         <input_file_ref idref="fl-6b"/>
      </object_component>
      <object_component id="oc-439">
         <name>.text:copy_in</name>
         <load_address>0x11f5c</load_address>
         <run_address>0x11f5c</run_address>
         <size>0x66</size>
         <input_file_ref idref="fl-5f"/>
      </object_component>
      <object_component id="oc-64e">
         <name>.text:__TI_doflush</name>
         <load_address>0x11fc2</load_address>
         <run_address>0x11fc2</run_address>
         <size>0x64</size>
         <input_file_ref idref="fl-6a"/>
      </object_component>
      <object_component id="oc-4ce">
         <name>.text:f_readdir</name>
         <load_address>0x12026</load_address>
         <run_address>0x12026</run_address>
         <size>0x64</size>
         <input_file_ref idref="fl-3"/>
      </object_component>
      <object_component id="oc-535">
         <name>.text:dir_read</name>
         <load_address>0x1208a</load_address>
         <run_address>0x1208a</run_address>
         <size>0x5e</size>
         <input_file_ref idref="fl-3"/>
      </object_component>
      <object_component id="oc-786">
         <name>.text:close</name>
         <load_address>0x120e8</load_address>
         <run_address>0x120e8</run_address>
         <size>0x5a</size>
         <input_file_ref idref="fl-81"/>
      </object_component>
      <object_component id="oc-58e">
         <name>.text:dir_find</name>
         <load_address>0x12142</load_address>
         <run_address>0x12142</run_address>
         <size>0x5a</size>
         <input_file_ref idref="fl-3"/>
      </object_component>
      <object_component id="oc-7ba">
         <name>.text:getdevice</name>
         <load_address>0x1219c</load_address>
         <run_address>0x1219c</run_address>
         <size>0x5a</size>
         <input_file_ref idref="fl-7b"/>
      </object_component>
      <object_component id="oc-574">
         <name>.text</name>
         <load_address>0x121f6</load_address>
         <run_address>0x121f6</run_address>
         <size>0x58</size>
         <input_file_ref idref="fl-2e"/>
      </object_component>
      <object_component id="oc-6d4">
         <name>.text:xmit_datablock</name>
         <load_address>0x1224e</load_address>
         <run_address>0x1224e</run_address>
         <size>0x58</size>
         <input_file_ref idref="fl-5"/>
      </object_component>
      <object_component id="oc-626">
         <name>.text:rcvr_datablock</name>
         <load_address>0x122a6</load_address>
         <run_address>0x122a6</run_address>
         <size>0x52</size>
         <input_file_ref idref="fl-5"/>
      </object_component>
      <object_component id="oc-759">
         <name>.text:HOSTclose</name>
         <load_address>0x122f8</load_address>
         <run_address>0x122f8</run_address>
         <size>0x4e</size>
         <input_file_ref idref="fl-6c"/>
      </object_component>
      <object_component id="oc-5f8">
         <name>.text:SDCard_init</name>
         <load_address>0x12346</load_address>
         <run_address>0x12346</run_address>
         <size>0x4a</size>
         <input_file_ref idref="fl-2"/>
      </object_component>
      <object_component id="oc-3fa">
         <name>.text:exit</name>
         <load_address>0x12390</load_address>
         <run_address>0x12390</run_address>
         <size>0x4a</size>
         <input_file_ref idref="fl-2f"/>
      </object_component>
      <object_component id="oc-4c8">
         <name>.text:printf</name>
         <load_address>0x123da</load_address>
         <run_address>0x123da</run_address>
         <size>0x4a</size>
         <input_file_ref idref="fl-57"/>
      </object_component>
      <object_component id="oc-5ba">
         <name>.text:_pproc_str</name>
         <load_address>0x12424</load_address>
         <run_address>0x12424</run_address>
         <size>0x48</size>
         <input_file_ref idref="fl-5c"/>
      </object_component>
      <object_component id="oc-771">
         <name>.text:HOSTunlink</name>
         <load_address>0x1246c</load_address>
         <run_address>0x1246c</run_address>
         <size>0x46</size>
         <input_file_ref idref="fl-71"/>
      </object_component>
      <object_component id="oc-408">
         <name>.text:main</name>
         <load_address>0x124b2</load_address>
         <run_address>0x124b2</run_address>
         <size>0x46</size>
         <input_file_ref idref="fl-4"/>
      </object_component>
      <object_component id="oc-4da">
         <name>.text:sprintf</name>
         <load_address>0x124f8</load_address>
         <run_address>0x124f8</run_address>
         <size>0x44</size>
         <input_file_ref idref="fl-58"/>
      </object_component>
      <object_component id="oc-740">
         <name>.text:minit</name>
         <load_address>0x1253c</load_address>
         <run_address>0x1253c</run_address>
         <size>0x42</size>
         <input_file_ref idref="fl-78"/>
      </object_component>
      <object_component id="oc-59b">
         <name>.text:clust2sect</name>
         <load_address>0x1257e</load_address>
         <run_address>0x1257e</run_address>
         <size>0x3e</size>
         <input_file_ref idref="fl-3"/>
      </object_component>
      <object_component id="oc-7ad">
         <name>.text:l_asr_const</name>
         <load_address>0x125bc</load_address>
         <run_address>0x125bc</run_address>
         <size>0x3e</size>
         <input_file_ref idref="fl-76"/>
      </object_component>
      <object_component id="oc-56a">
         <name>.text:l_lsl_const</name>
         <load_address>0x125fa</load_address>
         <run_address>0x125fa</run_address>
         <size>0x3e</size>
         <input_file_ref idref="fl-4b"/>
      </object_component>
      <object_component id="oc-579">
         <name>.text:l_lsr_const</name>
         <load_address>0x12638</load_address>
         <run_address>0x12638</run_address>
         <size>0x3e</size>
         <input_file_ref idref="fl-4c"/>
      </object_component>
      <object_component id="oc-6f2">
         <name>.text:lseek</name>
         <load_address>0x12676</load_address>
         <run_address>0x12676</run_address>
         <size>0x3e</size>
         <input_file_ref idref="fl-73"/>
      </object_component>
      <object_component id="oc-654">
         <name>.text:write</name>
         <load_address>0x126b4</load_address>
         <run_address>0x126b4</run_address>
         <size>0x3c</size>
         <input_file_ref idref="fl-68"/>
      </object_component>
      <object_component id="oc-688">
         <name>.text:SDCard_readFrame</name>
         <load_address>0x126f0</load_address>
         <run_address>0x126f0</run_address>
         <size>0x38</size>
         <input_file_ref idref="fl-2"/>
      </object_component>
      <object_component id="oc-706">
         <name>.text:__TI_cleanup</name>
         <load_address>0x12728</load_address>
         <run_address>0x12728</run_address>
         <size>0x36</size>
         <input_file_ref idref="fl-77"/>
      </object_component>
      <object_component id="oc-79a">
         <name>.text:__TI_writemsg</name>
         <load_address>0x1275e</load_address>
         <run_address>0x1275e</run_address>
         <size>0x36</size>
         <input_file_ref idref="fl-75"/>
      </object_component>
      <object_component id="oc-6e4">
         <name>.text:wait_ready</name>
         <load_address>0x12794</load_address>
         <run_address>0x12794</run_address>
         <size>0x36</size>
         <input_file_ref idref="fl-5"/>
      </object_component>
      <object_component id="oc-7a0">
         <name>.text:__TI_readmsg</name>
         <load_address>0x127ca</load_address>
         <run_address>0x127ca</run_address>
         <size>0x32</size>
         <input_file_ref idref="fl-75"/>
      </object_component>
      <object_component id="oc-460">
         <name>.text:f_mount</name>
         <load_address>0x127fc</load_address>
         <run_address>0x127fc</run_address>
         <size>0x32</size>
         <input_file_ref idref="fl-3"/>
      </object_component>
      <object_component id="oc-7e1">
         <name>.text:strncpy</name>
         <load_address>0x1282e</load_address>
         <run_address>0x1282e</run_address>
         <size>0x32</size>
         <input_file_ref idref="fl-7f"/>
      </object_component>
      <object_component id="oc-78d">
         <name>.text:unlink</name>
         <load_address>0x12860</load_address>
         <run_address>0x12860</run_address>
         <size>0x30</size>
         <input_file_ref idref="fl-80"/>
      </object_component>
      <object_component id="oc-6eb">
         <name>.text:SDCard_sendFrame</name>
         <load_address>0x12890</load_address>
         <run_address>0x12890</run_address>
         <size>0x2e</size>
         <input_file_ref idref="fl-2"/>
      </object_component>
      <object_component id="oc-7e7">
         <name>.text:finddevice</name>
         <load_address>0x128be</load_address>
         <run_address>0x128be</run_address>
         <size>0x2e</size>
         <input_file_ref idref="fl-7b"/>
      </object_component>
      <object_component id="oc-52f">
         <name>.text:validate</name>
         <load_address>0x128ec</load_address>
         <run_address>0x128ec</run_address>
         <size>0x2c</size>
         <input_file_ref idref="fl-3"/>
      </object_component>
      <object_component id="oc-8f">
         <name>.text:decompress:ZI:__TI_zero_init</name>
         <load_address>0x12918</load_address>
         <run_address>0x12918</run_address>
         <size>0x24</size>
         <input_file_ref idref="fl-2b"/>
      </object_component>
      <object_component id="oc-56f">
         <name>.text</name>
         <load_address>0x1293c</load_address>
         <run_address>0x1293c</run_address>
         <size>0x24</size>
         <input_file_ref idref="fl-54"/>
      </object_component>
      <object_component id="oc-54a">
         <name>.text:_outs</name>
         <load_address>0x12960</load_address>
         <run_address>0x12960</run_address>
         <size>0x20</size>
         <input_file_ref idref="fl-58"/>
      </object_component>
      <object_component id="oc-558">
         <name>.text:disk_status</name>
         <load_address>0x12980</load_address>
         <run_address>0x12980</run_address>
         <size>0x20</size>
         <input_file_ref idref="fl-5"/>
      </object_component>
      <object_component id="oc-66b">
         <name>.text:memccpy</name>
         <load_address>0x129a0</load_address>
         <run_address>0x129a0</run_address>
         <size>0x1e</size>
         <input_file_ref idref="fl-64"/>
      </object_component>
      <object_component id="oc-7db">
         <name>.text:strchr</name>
         <load_address>0x129be</load_address>
         <run_address>0x129be</run_address>
         <size>0x1c</size>
         <input_file_ref idref="fl-7d"/>
      </object_component>
      <object_component id="oc-7fe">
         <name>.text:strcmp</name>
         <load_address>0x129da</load_address>
         <run_address>0x129da</run_address>
         <size>0x1c</size>
         <input_file_ref idref="fl-7e"/>
      </object_component>
      <object_component id="oc-486">
         <name>.text</name>
         <load_address>0x129f6</load_address>
         <run_address>0x129f6</run_address>
         <size>0x18</size>
         <input_file_ref idref="fl-51"/>
      </object_component>
      <object_component id="oc-68f">
         <name>.text:select</name>
         <load_address>0x12a0e</load_address>
         <run_address>0x12a0e</run_address>
         <size>0x18</size>
         <input_file_ref idref="fl-5"/>
      </object_component>
      <object_component id="oc-630">
         <name>.text:chk_chr</name>
         <load_address>0x12a26</load_address>
         <run_address>0x12a26</run_address>
         <size>0x16</size>
         <input_file_ref idref="fl-3"/>
      </object_component>
      <object_component id="oc-648">
         <name>.text:memchr</name>
         <load_address>0x12a3c</load_address>
         <run_address>0x12a3c</run_address>
         <size>0x16</size>
         <input_file_ref idref="fl-65"/>
      </object_component>
      <object_component id="oc-65e">
         <name>.text:memset</name>
         <load_address>0x12a52</load_address>
         <run_address>0x12a52</run_address>
         <size>0x16</size>
         <input_file_ref idref="fl-66"/>
      </object_component>
      <object_component id="oc-6c7">
         <name>.text</name>
         <load_address>0x12a68</load_address>
         <run_address>0x12a68</run_address>
         <size>0x16</size>
         <input_file_ref idref="fl-2d"/>
      </object_component>
      <object_component id="oc-550">
         <name>.text:_outc</name>
         <load_address>0x12a7e</load_address>
         <run_address>0x12a7e</run_address>
         <size>0x14</size>
         <input_file_ref idref="fl-58"/>
      </object_component>
      <object_component id="oc-637">
         <name>.text:mem_cmp</name>
         <load_address>0x12a92</load_address>
         <run_address>0x12a92</run_address>
         <size>0x14</size>
         <input_file_ref idref="fl-3"/>
      </object_component>
      <object_component id="oc-3cf">
         <name>.text:memcpy</name>
         <load_address>0x12aa6</load_address>
         <run_address>0x12aa6</run_address>
         <size>0x14</size>
         <input_file_ref idref="fl-4d"/>
      </object_component>
      <object_component id="oc-619">
         <name>.text:SDCard_fastMode</name>
         <load_address>0x12aba</load_address>
         <run_address>0x12aba</run_address>
         <size>0x12</size>
         <input_file_ref idref="fl-2"/>
      </object_component>
      <object_component id="oc-73">
         <name>.text:decompress:none:__TI_decompress_none</name>
         <load_address>0x12acc</load_address>
         <run_address>0x12acc</run_address>
         <size>0x12</size>
         <input_file_ref idref="fl-2a"/>
      </object_component>
      <object_component id="oc-613">
         <name>.text:deselect</name>
         <load_address>0x12ade</load_address>
         <run_address>0x12ade</run_address>
         <size>0x12</size>
         <input_file_ref idref="fl-5"/>
      </object_component>
      <object_component id="oc-5e2">
         <name>.text:mem_set</name>
         <load_address>0x12af0</load_address>
         <run_address>0x12af0</run_address>
         <size>0x12</size>
         <input_file_ref idref="fl-3"/>
      </object_component>
      <object_component id="oc-467">
         <name>.text:strcpy</name>
         <load_address>0x12b02</load_address>
         <run_address>0x12b02</run_address>
         <size>0x12</size>
         <input_file_ref idref="fl-59"/>
      </object_component>
      <object_component id="oc-4d4">
         <name>.text:strlen</name>
         <load_address>0x12b14</load_address>
         <run_address>0x12b14</run_address>
         <size>0xe</size>
         <input_file_ref idref="fl-5a"/>
      </object_component>
      <object_component id="oc-5fe">
         <name>.text:SDCard_setCSHigh</name>
         <load_address>0x12b22</load_address>
         <run_address>0x12b22</run_address>
         <size>0x8</size>
         <input_file_ref idref="fl-2"/>
      </object_component>
      <object_component id="oc-6de">
         <name>.text:SDCard_setCSLow</name>
         <load_address>0x12b2a</load_address>
         <run_address>0x12b2a</run_address>
         <size>0x8</size>
         <input_file_ref idref="fl-2"/>
      </object_component>
      <object_component id="oc-521">
         <name>.text:_outc</name>
         <load_address>0x12b32</load_address>
         <run_address>0x12b32</run_address>
         <size>0x6</size>
         <input_file_ref idref="fl-57"/>
      </object_component>
      <object_component id="oc-410">
         <name>.text:abort</name>
         <load_address>0x12b38</load_address>
         <run_address>0x12b38</run_address>
         <size>0x6</size>
         <input_file_ref idref="fl-2f"/>
      </object_component>
      <object_component id="oc-604">
         <name>.text:rcvr_mmc</name>
         <load_address>0x12b3e</load_address>
         <run_address>0x12b3e</run_address>
         <size>0x6</size>
         <input_file_ref idref="fl-5"/>
      </object_component>
      <object_component id="oc-695">
         <name>.text:xmit_mmc</name>
         <load_address>0x12b44</load_address>
         <run_address>0x12b44</run_address>
         <size>0x6</size>
         <input_file_ref idref="fl-5"/>
      </object_component>
      <object_component id="oc-51b">
         <name>.text:_outs</name>
         <load_address>0x12b4a</load_address>
         <run_address>0x12b4a</run_address>
         <size>0x4</size>
         <input_file_ref idref="fl-57"/>
      </object_component>
      <object_component id="oc-3e8">
         <name>.text:_system_pre_init</name>
         <load_address>0x12b4e</load_address>
         <run_address>0x12b4e</run_address>
         <size>0x4</size>
         <input_file_ref idref="fl-56"/>
      </object_component>
      <object_component id="oc-4a3">
         <name>.text:_nop</name>
         <load_address>0x12b52</load_address>
         <run_address>0x12b52</run_address>
         <size>0x2</size>
         <input_file_ref idref="fl-5b"/>
      </object_component>
      <object_component id="oc-43f">
         <name>.text:_system_post_cinit</name>
         <load_address>0x12b54</load_address>
         <run_address>0x12b54</run_address>
         <size>0x2</size>
         <input_file_ref idref="fl-67"/>
      </object_component>
      <object_component id="oc-a1">
         <name>.text:_isr:_c_int00_noargs</name>
         <load_address>0x4400</load_address>
         <run_address>0x4400</run_address>
         <size>0x1c</size>
         <input_file_ref idref="fl-28"/>
      </object_component>
      <object_component id="oc-3dc">
         <name>.text:_isr:__TI_ISR_TRAP</name>
         <load_address>0x441c</load_address>
         <run_address>0x441c</run_address>
         <size>0x8</size>
         <input_file_ref idref="fl-4a"/>
      </object_component>
      <object_component id="oc-879">
         <name>.cinit..data.load</name>
         <load_address>0x4456</load_address>
         <run_address>0x4456</run_address>
         <size>0x5a</size>
      </object_component>
      <object_component id="oc-876">
         <name>__TI_handler_table</name>
         <load_address>0x44b0</load_address>
         <run_address>0x44b0</run_address>
         <size>0xc</size>
      </object_component>
      <object_component id="oc-878">
         <name>.cinit..bss.load</name>
         <load_address>0x44bc</load_address>
         <run_address>0x44bc</run_address>
         <size>0x6</size>
      </object_component>
      <object_component id="oc-877">
         <name>__TI_cinit_table</name>
         <load_address>0x44c2</load_address>
         <run_address>0x44c2</run_address>
         <size>0x10</size>
      </object_component>
      <object_component id="oc-664">
         <name>.const:.string</name>
         <load_address>0x4424</load_address>
         <run_address>0x4424</run_address>
         <size>0x14</size>
         <input_file_ref idref="fl-5c"/>
      </object_component>
      <object_component id="oc-62f">
         <name>.const:.string</name>
         <load_address>0x4438</load_address>
         <run_address>0x4438</run_address>
         <size>0x10</size>
         <input_file_ref idref="fl-3"/>
      </object_component>
      <object_component id="oc-466">
         <name>.const:.string</name>
         <load_address>0x4448</load_address>
         <run_address>0x4448</run_address>
         <size>0xe</size>
         <input_file_ref idref="fl-4"/>
      </object_component>
      <object_component id="oc-7c6">
         <name>.cio</name>
         <uninitialized>true</uninitialized>
         <run_address>0x26c0</run_address>
         <size>0x120</size>
         <input_file_ref idref="fl-75"/>
      </object_component>
      <object_component id="oc-810">
         <name>.binit</name>
         <load_address>0x4400</load_address>
         <run_address>0x4400</run_address>
         <size>0x0</size>
      </object_component>
      <object_component id="oc-79">
         <name>.int41</name>
         <load_address>0xffd2</load_address>
         <run_address>0xffd2</run_address>
         <size>0x2</size>
         <input_file_ref idref="fl-34"/>
      </object_component>
      <object_component id="oc-7a">
         <name>.int42</name>
         <load_address>0xffd4</load_address>
         <run_address>0xffd4</run_address>
         <size>0x2</size>
         <input_file_ref idref="fl-35"/>
      </object_component>
      <object_component id="oc-7b">
         <name>.int43</name>
         <load_address>0xffd6</load_address>
         <run_address>0xffd6</run_address>
         <size>0x2</size>
         <input_file_ref idref="fl-36"/>
      </object_component>
      <object_component id="oc-7c">
         <name>.int44</name>
         <load_address>0xffd8</load_address>
         <run_address>0xffd8</run_address>
         <size>0x2</size>
         <input_file_ref idref="fl-37"/>
      </object_component>
      <object_component id="oc-7d">
         <name>.int45</name>
         <load_address>0xffda</load_address>
         <run_address>0xffda</run_address>
         <size>0x2</size>
         <input_file_ref idref="fl-38"/>
      </object_component>
      <object_component id="oc-7e">
         <name>.int46</name>
         <load_address>0xffdc</load_address>
         <run_address>0xffdc</run_address>
         <size>0x2</size>
         <input_file_ref idref="fl-39"/>
      </object_component>
      <object_component id="oc-7f">
         <name>.int47</name>
         <load_address>0xffde</load_address>
         <run_address>0xffde</run_address>
         <size>0x2</size>
         <input_file_ref idref="fl-3a"/>
      </object_component>
      <object_component id="oc-80">
         <name>.int48</name>
         <load_address>0xffe0</load_address>
         <run_address>0xffe0</run_address>
         <size>0x2</size>
         <input_file_ref idref="fl-3b"/>
      </object_component>
      <object_component id="oc-81">
         <name>.int49</name>
         <load_address>0xffe2</load_address>
         <run_address>0xffe2</run_address>
         <size>0x2</size>
         <input_file_ref idref="fl-3c"/>
      </object_component>
      <object_component id="oc-82">
         <name>.int50</name>
         <load_address>0xffe4</load_address>
         <run_address>0xffe4</run_address>
         <size>0x2</size>
         <input_file_ref idref="fl-3d"/>
      </object_component>
      <object_component id="oc-83">
         <name>.int51</name>
         <load_address>0xffe6</load_address>
         <run_address>0xffe6</run_address>
         <size>0x2</size>
         <input_file_ref idref="fl-3e"/>
      </object_component>
      <object_component id="oc-84">
         <name>.int52</name>
         <load_address>0xffe8</load_address>
         <run_address>0xffe8</run_address>
         <size>0x2</size>
         <input_file_ref idref="fl-3f"/>
      </object_component>
      <object_component id="oc-85">
         <name>.int53</name>
         <load_address>0xffea</load_address>
         <run_address>0xffea</run_address>
         <size>0x2</size>
         <input_file_ref idref="fl-40"/>
      </object_component>
      <object_component id="oc-86">
         <name>.int54</name>
         <load_address>0xffec</load_address>
         <run_address>0xffec</run_address>
         <size>0x2</size>
         <input_file_ref idref="fl-41"/>
      </object_component>
      <object_component id="oc-87">
         <name>.int55</name>
         <load_address>0xffee</load_address>
         <run_address>0xffee</run_address>
         <size>0x2</size>
         <input_file_ref idref="fl-42"/>
      </object_component>
      <object_component id="oc-88">
         <name>.int56</name>
         <load_address>0xfff0</load_address>
         <run_address>0xfff0</run_address>
         <size>0x2</size>
         <input_file_ref idref="fl-43"/>
      </object_component>
      <object_component id="oc-89">
         <name>.int57</name>
         <load_address>0xfff2</load_address>
         <run_address>0xfff2</run_address>
         <size>0x2</size>
         <input_file_ref idref="fl-44"/>
      </object_component>
      <object_component id="oc-8a">
         <name>.int58</name>
         <load_address>0xfff4</load_address>
         <run_address>0xfff4</run_address>
         <size>0x2</size>
         <input_file_ref idref="fl-45"/>
      </object_component>
      <object_component id="oc-8b">
         <name>.int59</name>
         <load_address>0xfff6</load_address>
         <run_address>0xfff6</run_address>
         <size>0x2</size>
         <input_file_ref idref="fl-46"/>
      </object_component>
      <object_component id="oc-8c">
         <name>.int60</name>
         <load_address>0xfff8</load_address>
         <run_address>0xfff8</run_address>
         <size>0x2</size>
         <input_file_ref idref="fl-47"/>
      </object_component>
      <object_component id="oc-8d">
         <name>.int61</name>
         <load_address>0xfffa</load_address>
         <run_address>0xfffa</run_address>
         <size>0x2</size>
         <input_file_ref idref="fl-48"/>
      </object_component>
      <object_component id="oc-8e">
         <name>.int62</name>
         <load_address>0xfffc</load_address>
         <run_address>0xfffc</run_address>
         <size>0x2</size>
         <input_file_ref idref="fl-49"/>
      </object_component>
      <object_component id="oc-3c0">
         <name>.reset</name>
         <load_address>0xfffe</load_address>
         <run_address>0xfffe</run_address>
         <size>0x2</size>
         <input_file_ref idref="fl-27"/>
      </object_component>
      <object_component id="oc-6dd">
         <name>.debug_info</name>
         <load_address>0x0</load_address>
         <run_address>0x0</run_address>
         <size>0x377</size>
         <input_file_ref idref="fl-2"/>
      </object_component>
      <object_component id="oc-5f9">
         <name>.debug_info</name>
         <load_address>0x377</load_address>
         <run_address>0x377</run_address>
         <size>0xf9</size>
         <input_file_ref idref="fl-2"/>
      </object_component>
      <object_component id="oc-61a">
         <name>.debug_info</name>
         <load_address>0x470</load_address>
         <run_address>0x470</run_address>
         <size>0x101</size>
         <input_file_ref idref="fl-2"/>
      </object_component>
      <object_component id="oc-689">
         <name>.debug_info</name>
         <load_address>0x571</load_address>
         <run_address>0x571</run_address>
         <size>0x162</size>
         <input_file_ref idref="fl-2"/>
      </object_component>
      <object_component id="oc-6ec">
         <name>.debug_info</name>
         <load_address>0x6d3</load_address>
         <run_address>0x6d3</run_address>
         <size>0x162</size>
         <input_file_ref idref="fl-2"/>
      </object_component>
      <object_component id="oc-600">
         <name>.debug_info</name>
         <load_address>0x835</load_address>
         <run_address>0x835</run_address>
         <size>0x103</size>
         <input_file_ref idref="fl-2"/>
      </object_component>
      <object_component id="oc-6e0">
         <name>.debug_info</name>
         <load_address>0x938</load_address>
         <run_address>0x938</run_address>
         <size>0x101</size>
         <input_file_ref idref="fl-2"/>
      </object_component>
      <object_component id="oc-3ca">
         <name>.debug_info</name>
         <load_address>0xa39</load_address>
         <run_address>0xa39</run_address>
         <size>0x84</size>
         <input_file_ref idref="fl-2"/>
      </object_component>
      <object_component id="oc-6a2">
         <name>.debug_info</name>
         <load_address>0xabd</load_address>
         <run_address>0xabd</run_address>
         <size>0x18b</size>
         <input_file_ref idref="fl-2"/>
      </object_component>
      <object_component id="oc-4be">
         <name>.debug_info</name>
         <load_address>0xc48</load_address>
         <run_address>0xc48</run_address>
         <size>0x306</size>
         <input_file_ref idref="fl-3"/>
      </object_component>
      <object_component id="oc-4b6">
         <name>.debug_info</name>
         <load_address>0xf4e</load_address>
         <run_address>0xf4e</run_address>
         <size>0xaf</size>
         <input_file_ref idref="fl-3"/>
      </object_component>
      <object_component id="oc-585">
         <name>.debug_info</name>
         <load_address>0xffd</load_address>
         <run_address>0xffd</run_address>
         <size>0xad</size>
         <input_file_ref idref="fl-3"/>
      </object_component>
      <object_component id="oc-5e3">
         <name>.debug_info</name>
         <load_address>0x10aa</load_address>
         <run_address>0x10aa</run_address>
         <size>0x131</size>
         <input_file_ref idref="fl-3"/>
      </object_component>
      <object_component id="oc-638">
         <name>.debug_info</name>
         <load_address>0x11db</load_address>
         <run_address>0x11db</run_address>
         <size>0x14b</size>
         <input_file_ref idref="fl-3"/>
      </object_component>
      <object_component id="oc-631">
         <name>.debug_info</name>
         <load_address>0x1326</load_address>
         <run_address>0x1326</run_address>
         <size>0x11b</size>
         <input_file_ref idref="fl-3"/>
      </object_component>
      <object_component id="oc-5d5">
         <name>.debug_info</name>
         <load_address>0x1441</load_address>
         <run_address>0x1441</run_address>
         <size>0x18c</size>
         <input_file_ref idref="fl-3"/>
      </object_component>
      <object_component id="oc-59c">
         <name>.debug_info</name>
         <load_address>0x15cd</load_address>
         <run_address>0x15cd</run_address>
         <size>0x140</size>
         <input_file_ref idref="fl-3"/>
      </object_component>
      <object_component id="oc-596">
         <name>.debug_info</name>
         <load_address>0x170d</load_address>
         <run_address>0x170d</run_address>
         <size>0x1bf</size>
         <input_file_ref idref="fl-3"/>
      </object_component>
      <object_component id="oc-67d">
         <name>.debug_info</name>
         <load_address>0x18cc</load_address>
         <run_address>0x18cc</run_address>
         <size>0x214</size>
         <input_file_ref idref="fl-3"/>
      </object_component>
      <object_component id="oc-5dd">
         <name>.debug_info</name>
         <load_address>0x1ae0</load_address>
         <run_address>0x1ae0</run_address>
         <size>0x1b0</size>
         <input_file_ref idref="fl-3"/>
      </object_component>
      <object_component id="oc-512">
         <name>.debug_info</name>
         <load_address>0x1c90</load_address>
         <run_address>0x1c90</run_address>
         <size>0x159</size>
         <input_file_ref idref="fl-3"/>
      </object_component>
      <object_component id="oc-542">
         <name>.debug_info</name>
         <load_address>0x1de9</load_address>
         <run_address>0x1de9</run_address>
         <size>0x1ca</size>
         <input_file_ref idref="fl-3"/>
      </object_component>
      <object_component id="oc-58f">
         <name>.debug_info</name>
         <load_address>0x1fb3</load_address>
         <run_address>0x1fb3</run_address>
         <size>0x156</size>
         <input_file_ref idref="fl-3"/>
      </object_component>
      <object_component id="oc-536">
         <name>.debug_info</name>
         <load_address>0x2109</load_address>
         <run_address>0x2109</run_address>
         <size>0x145</size>
         <input_file_ref idref="fl-3"/>
      </object_component>
      <object_component id="oc-589">
         <name>.debug_info</name>
         <load_address>0x224e</load_address>
         <run_address>0x224e</run_address>
         <size>0x19f</size>
         <input_file_ref idref="fl-3"/>
      </object_component>
      <object_component id="oc-53c">
         <name>.debug_info</name>
         <load_address>0x23ed</load_address>
         <run_address>0x23ed</run_address>
         <size>0x163</size>
         <input_file_ref idref="fl-3"/>
      </object_component>
      <object_component id="oc-50c">
         <name>.debug_info</name>
         <load_address>0x2550</load_address>
         <run_address>0x2550</run_address>
         <size>0x17e</size>
         <input_file_ref idref="fl-3"/>
      </object_component>
      <object_component id="oc-565">
         <name>.debug_info</name>
         <load_address>0x26ce</load_address>
         <run_address>0x26ce</run_address>
         <size>0x137</size>
         <input_file_ref idref="fl-3"/>
      </object_component>
      <object_component id="oc-506">
         <name>.debug_info</name>
         <load_address>0x2805</load_address>
         <run_address>0x2805</run_address>
         <size>0x395</size>
         <input_file_ref idref="fl-3"/>
      </object_component>
      <object_component id="oc-530">
         <name>.debug_info</name>
         <load_address>0x2b9a</load_address>
         <run_address>0x2b9a</run_address>
         <size>0x127</size>
         <input_file_ref idref="fl-3"/>
      </object_component>
      <object_component id="oc-461">
         <name>.debug_info</name>
         <load_address>0x2cc1</load_address>
         <run_address>0x2cc1</run_address>
         <size>0x127</size>
         <input_file_ref idref="fl-3"/>
      </object_component>
      <object_component id="oc-4c2">
         <name>.debug_info</name>
         <load_address>0x2de8</load_address>
         <run_address>0x2de8</run_address>
         <size>0x172</size>
         <input_file_ref idref="fl-3"/>
      </object_component>
      <object_component id="oc-4cf">
         <name>.debug_info</name>
         <load_address>0x2f5a</load_address>
         <run_address>0x2f5a</run_address>
         <size>0x189</size>
         <input_file_ref idref="fl-3"/>
      </object_component>
      <object_component id="oc-4fe">
         <name>.debug_info</name>
         <load_address>0x30e3</load_address>
         <run_address>0x30e3</run_address>
         <size>0x70</size>
         <input_file_ref idref="fl-3"/>
      </object_component>
      <object_component id="oc-475">
         <name>.debug_info</name>
         <load_address>0x3153</load_address>
         <run_address>0x3153</run_address>
         <size>0x493</size>
         <input_file_ref idref="fl-3"/>
      </object_component>
      <object_component id="oc-4b9">
         <name>.debug_info</name>
         <load_address>0x35e6</load_address>
         <run_address>0x35e6</run_address>
         <size>0xbb</size>
         <input_file_ref idref="fl-3"/>
      </object_component>
      <object_component id="oc-474">
         <name>.debug_info</name>
         <load_address>0x36a1</load_address>
         <run_address>0x36a1</run_address>
         <size>0x320</size>
         <input_file_ref idref="fl-4"/>
      </object_component>
      <object_component id="oc-46f">
         <name>.debug_info</name>
         <load_address>0x39c1</load_address>
         <run_address>0x39c1</run_address>
         <size>0x1a6</size>
         <input_file_ref idref="fl-4"/>
      </object_component>
      <object_component id="oc-409">
         <name>.debug_info</name>
         <load_address>0x3b67</load_address>
         <run_address>0x3b67</run_address>
         <size>0x13d</size>
         <input_file_ref idref="fl-4"/>
      </object_component>
      <object_component id="oc-4e3">
         <name>.debug_info</name>
         <load_address>0x3ca4</load_address>
         <run_address>0x3ca4</run_address>
         <size>0xc8</size>
         <input_file_ref idref="fl-4"/>
      </object_component>
      <object_component id="oc-5c2">
         <name>.debug_info</name>
         <load_address>0x3d6c</load_address>
         <run_address>0x3d6c</run_address>
         <size>0x2c</size>
         <input_file_ref idref="fl-4"/>
      </object_component>
      <object_component id="oc-620">
         <name>.debug_info</name>
         <load_address>0x3d98</load_address>
         <run_address>0x3d98</run_address>
         <size>0x28f</size>
         <input_file_ref idref="fl-5"/>
      </object_component>
      <object_component id="oc-5f5">
         <name>.debug_info</name>
         <load_address>0x4027</load_address>
         <run_address>0x4027</run_address>
         <size>0xc4</size>
         <input_file_ref idref="fl-5"/>
      </object_component>
      <object_component id="oc-611">
         <name>.debug_info</name>
         <load_address>0x40eb</load_address>
         <run_address>0x40eb</run_address>
         <size>0xb5</size>
         <input_file_ref idref="fl-5"/>
      </object_component>
      <object_component id="oc-696">
         <name>.debug_info</name>
         <load_address>0x41a0</load_address>
         <run_address>0x41a0</run_address>
         <size>0x112</size>
         <input_file_ref idref="fl-5"/>
      </object_component>
      <object_component id="oc-605">
         <name>.debug_info</name>
         <load_address>0x42b2</load_address>
         <run_address>0x42b2</run_address>
         <size>0x112</size>
         <input_file_ref idref="fl-5"/>
      </object_component>
      <object_component id="oc-6e6">
         <name>.debug_info</name>
         <load_address>0x43c4</load_address>
         <run_address>0x43c4</run_address>
         <size>0x10f</size>
         <input_file_ref idref="fl-5"/>
      </object_component>
      <object_component id="oc-615">
         <name>.debug_info</name>
         <load_address>0x44d3</load_address>
         <run_address>0x44d3</run_address>
         <size>0x10f</size>
         <input_file_ref idref="fl-5"/>
      </object_component>
      <object_component id="oc-690">
         <name>.debug_info</name>
         <load_address>0x45e2</load_address>
         <run_address>0x45e2</run_address>
         <size>0x113</size>
         <input_file_ref idref="fl-5"/>
      </object_component>
      <object_component id="oc-627">
         <name>.debug_info</name>
         <load_address>0x46f5</load_address>
         <run_address>0x46f5</run_address>
         <size>0x175</size>
         <input_file_ref idref="fl-5"/>
      </object_component>
      <object_component id="oc-6d5">
         <name>.debug_info</name>
         <load_address>0x486a</load_address>
         <run_address>0x486a</run_address>
         <size>0x18e</size>
         <input_file_ref idref="fl-5"/>
      </object_component>
      <object_component id="oc-60b">
         <name>.debug_info</name>
         <load_address>0x49f8</load_address>
         <run_address>0x49f8</run_address>
         <size>0x1bd</size>
         <input_file_ref idref="fl-5"/>
      </object_component>
      <object_component id="oc-559">
         <name>.debug_info</name>
         <load_address>0x4bb5</load_address>
         <run_address>0x4bb5</run_address>
         <size>0x114</size>
         <input_file_ref idref="fl-5"/>
      </object_component>
      <object_component id="oc-55f">
         <name>.debug_info</name>
         <load_address>0x4cc9</load_address>
         <run_address>0x4cc9</run_address>
         <size>0x249</size>
         <input_file_ref idref="fl-5"/>
      </object_component>
      <object_component id="oc-57f">
         <name>.debug_info</name>
         <load_address>0x4f12</load_address>
         <run_address>0x4f12</run_address>
         <size>0x20c</size>
         <input_file_ref idref="fl-5"/>
      </object_component>
      <object_component id="oc-676">
         <name>.debug_info</name>
         <load_address>0x511e</load_address>
         <run_address>0x511e</run_address>
         <size>0x223</size>
         <input_file_ref idref="fl-5"/>
      </object_component>
      <object_component id="oc-3be">
         <name>.debug_info</name>
         <load_address>0x5341</load_address>
         <run_address>0x5341</run_address>
         <size>0xf5</size>
         <input_file_ref idref="fl-27"/>
      </object_component>
      <object_component id="oc-a3">
         <name>.debug_info</name>
[...]
      <symbol id="sm-6bb">
         <name>__TI_int46</name>
         <value>0xffdc</value>
         <object_component_ref idref="oc-7e"/>
      </symbol>
      <symbol id="sm-6be">
         <name>__TI_int47</name>
         <value>0xffde</value>
         <object_component_ref idref="oc-7f"/>
      </symbol>
      <symbol id="sm-6c1">
         <name>__TI_int48</name>
         <value>0xffe0</value>
         <object_component_ref idref="oc-80"/>
      </symbol>
      <symbol id="sm-6c4">
         <name>__TI_int49</name>
         <value>0xffe2</value>
         <object_component_ref idref="oc-81"/>
      </symbol>
      <symbol id="sm-6c7">
         <name>__TI_int50</name>
         <value>0xffe4</value>
         <object_component_ref idref="oc-82"/>
      </symbol>
      <symbol id="sm-6ca">
         <name>__TI_int51</name>
         <value>0xffe6</value>
         <object_component_ref idref="oc-83"/>
      </symbol>
      <symbol id="sm-6cd">
         <name>__TI_int52</name>
         <value>0xffe8</value>
         <object_component_ref idref="oc-84"/>
      </symbol>
      <symbol id="sm-6d0">
         <name>__TI_int53</name>
         <value>0xffea</value>
         <object_component_ref idref="oc-85"/>
      </symbol>
      <symbol id="sm-6d3">
         <name>__TI_int54</name>
         <value>0xffec</value>
         <object_component_ref idref="oc-86"/>
      </symbol>
      <symbol id="sm-6d6">
         <name>__TI_int55</name>
         <value>0xffee</value>
         <object_component_ref idref="oc-87"/>
      </symbol>
      <symbol id="sm-6d9">
         <name>__TI_int56</name>
         <value>0xfff0</value>
         <object_component_ref idref="oc-88"/>
      </symbol>
      <symbol id="sm-6dc">
         <name>__TI_int57</name>
         <value>0xfff2</value>
         <object_component_ref idref="oc-89"/>
      </symbol>
      <symbol id="sm-6df">
         <name>__TI_int58</name>
         <value>0xfff4</value>
         <object_component_ref idref="oc-8a"/>
      </symbol>
      <symbol id="sm-6e2">
         <name>__TI_int59</name>
         <value>0xfff6</value>
         <object_component_ref idref="oc-8b"/>
      </symbol>
      <symbol id="sm-6e5">
         <name>__TI_int60</name>
         <value>0xfff8</value>
         <object_component_ref idref="oc-8c"/>
      </symbol>
      <symbol id="sm-6e8">
         <name>__TI_int61</name>
         <value>0xfffa</value>
         <object_component_ref idref="oc-8d"/>
      </symbol>
      <symbol id="sm-6eb">
         <name>__TI_int62</name>
         <value>0xfffc</value>
         <object_component_ref idref="oc-8e"/>
      </symbol>
      <symbol id="sm-6f3">
         <name>__TI_ISR_TRAP</name>
         <value>0x441c</value>
         <object_component_ref idref="oc-3dc"/>
      </symbol>
      <symbol id="sm-6fb">
         <name>__mspabi_slll_9</name>
         <value>0x12612</value>
         <object_component_ref idref="oc-56a"/>
      </symbol>
      <symbol id="sm-6fc">
         <name>__mspabi_slll_8</name>
         <value>0x12616</value>
         <object_component_ref idref="oc-56a"/>
      </symbol>
      <symbol id="sm-6fd">
         <name>__mspabi_slll_7</name>
         <value>0x1261a</value>
         <object_component_ref idref="oc-56a"/>
      </symbol>
      <symbol id="sm-6fe">
         <name>__mspabi_slll_6</name>
         <value>0x1261e</value>
         <object_component_ref idref="oc-56a"/>
      </symbol>
      <symbol id="sm-6ff">
         <name>__mspabi_slll_5</name>
         <value>0x12622</value>
         <object_component_ref idref="oc-56a"/>
      </symbol>
      <symbol id="sm-700">
         <name>__mspabi_slll_4</name>
         <value>0x12626</value>
         <object_component_ref idref="oc-56a"/>
      </symbol>
      <symbol id="sm-701">
         <name>__mspabi_slll_3</name>
         <value>0x1262a</value>
         <object_component_ref idref="oc-56a"/>
      </symbol>
      <symbol id="sm-702">
         <name>__mspabi_slll_2</name>
         <value>0x1262e</value>
         <object_component_ref idref="oc-56a"/>
      </symbol>
      <symbol id="sm-703">
         <name>__mspabi_slll_1</name>
         <value>0x12632</value>
         <object_component_ref idref="oc-56a"/>
      </symbol>
      <symbol id="sm-704">
         <name>__mspabi_slll_15</name>
         <value>0x125fa</value>
         <object_component_ref idref="oc-56a"/>
      </symbol>
      <symbol id="sm-705">
         <name>__mspabi_slll_14</name>
         <value>0x125fe</value>
         <object_component_ref idref="oc-56a"/>
      </symbol>
      <symbol id="sm-706">
         <name>__mspabi_slll_13</name>
         <value>0x12602</value>
         <object_component_ref idref="oc-56a"/>
      </symbol>
      <symbol id="sm-707">
         <name>__mspabi_slll_12</name>
         <value>0x12606</value>
         <object_component_ref idref="oc-56a"/>
      </symbol>
      <symbol id="sm-708">
         <name>__mspabi_slll_11</name>
         <value>0x1260a</value>
         <object_component_ref idref="oc-56a"/>
      </symbol>
      <symbol id="sm-709">
         <name>__mspabi_slll_10</name>
         <value>0x1260e</value>
         <object_component_ref idref="oc-56a"/>
      </symbol>
      <symbol id="sm-711">
         <name>__mspabi_srll_8</name>
         <value>0x12654</value>
         <object_component_ref idref="oc-579"/>
      </symbol>
      <symbol id="sm-712">
         <name>__mspabi_srll_9</name>
         <value>0x12650</value>
         <object_component_ref idref="oc-579"/>
      </symbol>
      <symbol id="sm-713">
         <name>__mspabi_srll_6</name>
         <value>0x1265c</value>
         <object_component_ref idref="oc-579"/>
      </symbol>
      <symbol id="sm-714">
         <name>__mspabi_srll_7</name>
         <value>0x12658</value>
         <object_component_ref idref="oc-579"/>
      </symbol>
      <symbol id="sm-715">
         <name>__mspabi_srll_4</name>
         <value>0x12664</value>
         <object_component_ref idref="oc-579"/>
      </symbol>
      <symbol id="sm-716">
         <name>__mspabi_srll_5</name>
         <value>0x12660</value>
         <object_component_ref idref="oc-579"/>
      </symbol>
      <symbol id="sm-717">
         <name>__mspabi_srll_2</name>
         <value>0x1266c</value>
         <object_component_ref idref="oc-579"/>
      </symbol>
      <symbol id="sm-718">
         <name>__mspabi_srll_3</name>
         <value>0x12668</value>
         <object_component_ref idref="oc-579"/>
      </symbol>
      <symbol id="sm-719">
         <name>__mspabi_srll_1</name>
         <value>0x12670</value>
         <object_component_ref idref="oc-579"/>
      </symbol>
      <symbol id="sm-71a">
         <name>__mspabi_srll_15</name>
         <value>0x12638</value>
         <object_component_ref idref="oc-579"/>
      </symbol>
      <symbol id="sm-71b">
         <name>__mspabi_srll_14</name>
         <value>0x1263c</value>
         <object_component_ref idref="oc-579"/>
      </symbol>
      <symbol id="sm-71c">
         <name>__mspabi_srll_13</name>
         <value>0x12640</value>
         <object_component_ref idref="oc-579"/>
      </symbol>
      <symbol id="sm-71d">
         <name>__mspabi_srll_12</name>
         <value>0x12644</value>
         <object_component_ref idref="oc-579"/>
      </symbol>
      <symbol id="sm-71e">
         <name>__mspabi_srll_11</name>
         <value>0x12648</value>
         <object_component_ref idref="oc-579"/>
      </symbol>
      <symbol id="sm-71f">
         <name>__mspabi_srll_10</name>
         <value>0x1264c</value>
         <object_component_ref idref="oc-579"/>
      </symbol>
      <symbol id="sm-732">
         <name>memcpy</name>
         <value>0x12aa6</value>
         <object_component_ref idref="oc-3cf"/>
      </symbol>
      <symbol id="sm-73d">
         <name>__mspabi_mpyi_f5hw</name>
         <value>0x129f6</value>
         <object_component_ref idref="oc-486"/>
      </symbol>
      <symbol id="sm-747">
         <name>__mspabi_mpyl_f5hw</name>
         <value>0x1293c</value>
         <object_component_ref idref="oc-56f"/>
      </symbol>
      <symbol id="sm-751">
         <name>_system_pre_init</name>
         <value>0x12b4e</value>
         <object_component_ref idref="oc-3e8"/>
      </symbol>
      <symbol id="sm-774">
         <name>printf</name>
         <value>0x123da</value>
         <object_component_ref idref="oc-4c8"/>
      </symbol>
      <symbol id="sm-795">
         <name>sprintf</name>
         <value>0x124f8</value>
         <object_component_ref idref="oc-4da"/>
      </symbol>
      <symbol id="sm-7a2">
         <name>strcpy</name>
         <value>0x12b02</value>
         <object_component_ref idref="oc-467"/>
      </symbol>
      <symbol id="sm-7af">
         <name>strlen</name>
         <value>0x12b14</value>
         <object_component_ref idref="oc-4d4"/>
      </symbol>
      <symbol id="sm-7c5">
         <name>_nop</name>
         <value>0x12b52</value>
         <object_component_ref idref="oc-4a3"/>
      </symbol>
      <symbol id="sm-7c6">
         <name>_lock</name>
         <value>0x2584</value>
         <object_component_ref idref="oc-451"/>
      </symbol>
      <symbol id="sm-7c7">
         <name>_unlock</name>
         <value>0x2588</value>
         <object_component_ref idref="oc-45a"/>
      </symbol>
      <symbol id="sm-819">
         <name>__TI_printfi_minimal</name>
         <value>0x112a8</value>
         <object_component_ref idref="oc-527"/>
      </symbol>
      <symbol id="sm-83c">
         <name>_auto_init_hold_wdt</name>
         <value>0x11b4c</value>
         <object_component_ref idref="oc-3ee"/>
      </symbol>
      <symbol id="sm-852">
         <name>copy_in</name>
         <value>0x11f5c</value>
         <object_component_ref idref="oc-439"/>
      </symbol>
      <symbol id="sm-862">
         <name>__TI_tmpnams</name>
         <value>0x27e0</value>
      </symbol>
      <symbol id="sm-863">
         <name>_ftable</name>
         <value>0x2400</value>
         <object_component_ref idref="oc-518"/>
      </symbol>
      <symbol id="sm-864">
         <name>__TI_ft_end</name>
         <value>0x258e</value>
         <object_component_ref idref="oc-74d"/>
      </symbol>
      <symbol id="sm-877">
         <name>putc</name>
         <value>0x11a2e</value>
         <object_component_ref idref="oc-5ad"/>
      </symbol>
      <symbol id="sm-878">
         <name>fputc</name>
         <value>0x11a2e</value>
         <object_component_ref idref="oc-5ad"/>
      </symbol>
      <symbol id="sm-890">
         <name>fputs</name>
         <value>0x10f1c</value>
         <object_component_ref idref="oc-5a6"/>
      </symbol>
      <symbol id="sm-8a0">
         <name>memccpy</name>
         <value>0x129a0</value>
         <object_component_ref idref="oc-66b"/>
      </symbol>
      <symbol id="sm-8af">
         <name>memchr</name>
         <value>0x12a3c</value>
         <object_component_ref idref="oc-648"/>
      </symbol>
      <symbol id="sm-8bd">
         <name>memset</name>
         <value>0x12a52</value>
         <object_component_ref idref="oc-65e"/>
      </symbol>
      <symbol id="sm-8c6">
         <name>_system_post_cinit</name>
         <value>0x12b54</value>
         <object_component_ref idref="oc-43f"/>
      </symbol>
      <symbol id="sm-8e8">
         <name>_stream</name>
         <value>0x2540</value>
         <object_component_ref idref="oc-6bc"/>
      </symbol>
      <symbol id="sm-8e9">
         <name>_device</name>
         <value>0x24c8</value>
         <object_component_ref idref="oc-719"/>
      </symbol>
      <symbol id="sm-8ea">
         <name>write</name>
         <value>0x126b4</value>
         <object_component_ref idref="oc-654"/>
      </symbol>
      <symbol id="sm-902">
         <name>__TI_wrt_ok</name>
         <value>0x11bce</value>
         <object_component_ref idref="oc-642"/>
      </symbol>
      <symbol id="sm-913">
         <name>__TI_doflush</name>
         <value>0x11fc2</value>
         <object_component_ref idref="oc-64e"/>
      </symbol>
      <symbol id="sm-923">
         <name>fseek</name>
         <value>0x11ef2</value>
         <object_component_ref idref="oc-6aa"/>
      </symbol>
      <symbol id="sm-92f">
         <name>HOSTclose</name>
         <value>0x122f8</value>
         <object_component_ref idref="oc-759"/>
      </symbol>
      <symbol id="sm-93b">
         <name>HOSTlseek</name>
         <value>0x1166a</value>
         <object_component_ref idref="oc-76b"/>
      </symbol>
      <symbol id="sm-949">
         <name>parmbuf</name>
         <value>0x28a0</value>
      </symbol>
      <symbol id="sm-94a">
         <name>HOSTopen</name>
         <value>0x11dac</value>
         <object_component_ref idref="oc-753"/>
      </symbol>
      <symbol id="sm-957">
         <name>HOSTread</name>
         <value>0x11e88</value>
         <object_component_ref idref="oc-75f"/>
      </symbol>
      <symbol id="sm-963">
         <name>HOSTrename</name>
         <value>0x11cc4</value>
         <object_component_ref idref="oc-777"/>
      </symbol>
      <symbol id="sm-96f">
         <name>HOSTunlink</name>
         <value>0x1246c</value>
         <object_component_ref idref="oc-771"/>
      </symbol>
      <symbol id="sm-97c">
         <name>HOSTwrite</name>
         <value>0x11e1c</value>
         <object_component_ref idref="oc-765"/>
      </symbol>
      <symbol id="sm-98a">
         <name>lseek</name>
         <value>0x12676</value>
         <object_component_ref idref="oc-6f2"/>
      </symbol>
      <symbol id="sm-9a2">
         <name>setvbuf</name>
         <value>0x110ec</value>
         <object_component_ref idref="oc-6b0"/>
      </symbol>
      <symbol id="sm-9c0">
         <name>__TI_readmsg</name>
         <value>0x127ca</value>
         <object_component_ref idref="oc-7a0"/>
      </symbol>
      <symbol id="sm-9c1">
         <name>C$$IO$$</name>
         <value>0x12790</value>
         <object_component_ref idref="oc-79a"/>
      </symbol>
      <symbol id="sm-9c2">
         <name>_CIOBUF_</name>
         <value>0x26c0</value>
         <object_component_ref idref="oc-7c6"/>
      </symbol>
      <symbol id="sm-9c3">
         <name>__TI_writemsg</name>
         <value>0x1275e</value>
         <object_component_ref idref="oc-79a"/>
      </symbol>
      <symbol id="sm-9cb">
         <name>__mspabi_sral_15</name>
         <value>0x125bc</value>
         <object_component_ref idref="oc-7ad"/>
      </symbol>
      <symbol id="sm-9cc">
         <name>__mspabi_sral_14</name>
         <value>0x125c0</value>
         <object_component_ref idref="oc-7ad"/>
      </symbol>
      <symbol id="sm-9cd">
         <name>__mspabi_sral_13</name>
         <value>0x125c4</value>
         <object_component_ref idref="oc-7ad"/>
      </symbol>
      <symbol id="sm-9ce">
         <name>__mspabi_sral_12</name>
         <value>0x125c8</value>
         <object_component_ref idref="oc-7ad"/>
      </symbol>
      <symbol id="sm-9cf">
         <name>__mspabi_sral_11</name>
         <value>0x125cc</value>
         <object_component_ref idref="oc-7ad"/>
      </symbol>
      <symbol id="sm-9d0">
         <name>__mspabi_sral_10</name>
         <value>0x125d0</value>
         <object_component_ref idref="oc-7ad"/>
      </symbol>
      <symbol id="sm-9d1">
         <name>__mspabi_sral_8</name>
         <value>0x125d8</value>
         <object_component_ref idref="oc-7ad"/>
      </symbol>
      <symbol id="sm-9d2">
         <name>__mspabi_sral_9</name>
         <value>0x125d4</value>
         <object_component_ref idref="oc-7ad"/>
      </symbol>
      <symbol id="sm-9d3">
         <name>__mspabi_sral_6</name>
         <value>0x125e0</value>
         <object_component_ref idref="oc-7ad"/>
      </symbol>
      <symbol id="sm-9d4">
         <name>__mspabi_sral_7</name>
         <value>0x125dc</value>
         <object_component_ref idref="oc-7ad"/>
      </symbol>
      <symbol id="sm-9d5">
         <name>__mspabi_sral_4</name>
         <value>0x125e8</value>
         <object_component_ref idref="oc-7ad"/>
      </symbol>
      <symbol id="sm-9d6">
         <name>__mspabi_sral_5</name>
         <value>0x125e4</value>
         <object_component_ref idref="oc-7ad"/>
      </symbol>
      <symbol id="sm-9d7">
         <name>__mspabi_sral_2</name>
         <value>0x125f0</value>
         <object_component_ref idref="oc-7ad"/>
      </symbol>
      <symbol id="sm-9d8">
         <name>__mspabi_sral_3</name>
         <value>0x125ec</value>
         <object_component_ref idref="oc-7ad"/>
      </symbol>
      <symbol id="sm-9d9">
         <name>__mspabi_sral_1</name>
         <value>0x125f4</value>
         <object_component_ref idref="oc-7ad"/>
      </symbol>
      <symbol id="sm-9e5">
         <name>__TI_cleanup</name>
         <value>0x12728</value>
         <object_component_ref idref="oc-706"/>
      </symbol>
      <symbol id="sm-a34">
         <name>_sys_memory</name>
         <value>0x2594</value>
         <object_component_ref idref="oc-3c1"/>
      </symbol>
      <symbol id="sm-a35">
         <name>free</name>
         <value>0x11abe</value>
         <object_component_ref idref="oc-6fa"/>
      </symbol>
      <symbol id="sm-a36">
         <name>malloc</name>
         <value>0x114f4</value>
         <object_component_ref idref="oc-700"/>
      </symbol>
      <symbol id="sm-a37">
         <name>minit</name>
         <value>0x1253c</value>
         <object_component_ref idref="oc-740"/>
      </symbol>
      <symbol id="sm-a49">
         <name>__TI_closefile</name>
         <value>0x11d38</value>
         <object_component_ref idref="oc-747"/>
      </symbol>
      <symbol id="sm-a68">
         <name>finddevice</name>
         <value>0x128be</value>
         <object_component_ref idref="oc-7e7"/>
      </symbol>
      <symbol id="sm-a69">
         <name>getdevice</name>
         <value>0x1219c</value>
         <object_component_ref idref="oc-7ba"/>
      </symbol>
      <symbol id="sm-a79">
         <name>strchr</name>
         <value>0x129be</value>
         <object_component_ref idref="oc-7db"/>
      </symbol>
      <symbol id="sm-a87">
         <name>strcmp</name>
         <value>0x129da</value>
         <object_component_ref idref="oc-7fe"/>
      </symbol>
      <symbol id="sm-a97">
         <name>strncpy</name>
         <value>0x1282e</value>
         <object_component_ref idref="oc-7e1"/>
      </symbol>
      <symbol id="sm-aa3">
         <name>unlink</name>
         <value>0x12860</value>
         <object_component_ref idref="oc-78d"/>
      </symbol>
      <symbol id="sm-ab5">
         <name>close</name>
         <value>0x120e8</value>
         <object_component_ref idref="oc-786"/>
      </symbol>
      <symbol id="sm-ab7">
         <name>__TI_BINIT_Base</name>
         <value>0x0</value>
      </symbol>
      <symbol id="sm-ab8">
         <name>__TI_BINIT_Limit</name>
         <value>0x0</value>
      </symbol>
      <symbol id="sm-ab9">
         <name>__TI_INITARRAY_Base</name>
         <value>0x0</value>
      </symbol>
      <symbol id="sm-aba">
         <name>__TI_INITARRAY_Limit</name>
         <value>0x0</value>
      </symbol>
      <symbol id="sm-abb">
         <name>remove</name>
         <value>0x12860</value>
      </symbol>
   </symbol_table>
   <title>Link successful</title>
</link_info>
